2026-07-21 15:17:01,978 - INFO - ========== Automation Started ==========
2026-07-21 15:17:02,997 - INFO - Data Generation Completed
2026-07-21 15:17:04,694 - INFO - Data Append Completed
2026-07-21 15:17:06,373 - INFO - Data Cleaning Completed
2026-07-21 15:17:07,524 - INFO - SQL Loading Completed
2026-07-21 15:17:07,524 - INFO - Automation Completed Successfully
2026-07-21 15:17:07,525 - INFO - ======================================
2026-07-21 15:18:49,352 - INFO - ========== Automation Started ==========
2026-07-21 15:18:50,287 - INFO - Data Generation Completed
2026-07-21 15:18:51,966 - INFO - Data Append Completed
2026-07-21 15:18:53,464 - INFO - Data Cleaning Completed
2026-07-21 15:18:54,278 - INFO - SQL Loading Completed
2026-07-21 15:18:54,278 - INFO - Automation Completed Successfully
2026-07-21 15:18:54,279 - INFO - ======================================
2026-07-21 15:33:01,133 - INFO - ========== Automation Started ==========
2026-07-21 15:33:02,427 - INFO - Data Generation Completed
2026-07-21 15:33:04,810 - INFO - Data Append Completed
2026-07-21 15:33:07,084 - INFO - Data Cleaning Completed
2026-07-21 15:33:08,349 - INFO - SQL Loading Completed
2026-07-21 15:33:08,349 - INFO - Automation Completed Successfully
2026-07-21 15:33:08,349 - INFO - ======================================
2026-07-21 15:47:13,014 - INFO - ========== Automation Started ==========
2026-07-21 15:47:14,511 - INFO - Data Generation Completed
2026-07-21 15:47:17,503 - INFO - Data Append Completed
2026-07-21 15:47:20,107 - INFO - Data Cleaning Completed
2026-07-21 15:47:21,779 - INFO - SQL Loading Completed
2026-07-21 15:47:21,780 - INFO - Automation Completed Successfully
2026-07-21 15:47:21,780 - INFO - ======================================
2026-07-21 16:06:49,209 - INFO - ========== Automation Started ==========
2026-07-21 16:06:50,798 - INFO - Data Generation Completed
2026-07-21 16:06:52,972 - INFO - Data Append Completed
2026-07-21 16:06:54,361 - INFO - Data Cleaning Completed
2026-07-21 16:06:55,408 - INFO - SQL Loading Completed
2026-07-21 16:06:55,409 - INFO - Automation Completed Successfully
2026-07-21 16:06:55,409 - INFO - ======================================
2026-07-21 16:08:07,660 - INFO - ========== Automation Started ==========
2026-07-21 16:08:08,531 - INFO - Data Generation Completed
2026-07-21 16:08:10,268 - INFO - Data Append Completed
2026-07-21 16:08:11,771 - INFO - Data Cleaning Completed
2026-07-21 16:08:12,678 - INFO - SQL Loading Completed
2026-07-21 16:08:12,678 - INFO - Automation Completed Successfully
2026-07-21 16:08:12,679 - INFO - ======================================
2026-07-21 16:17:02,684 - INFO - ========== Automation Started ==========
2026-07-21 16:17:04,890 - INFO - Data Generation Completed
2026-07-21 16:17:07,562 - INFO - Data Append Completed
2026-07-21 16:17:10,487 - INFO - Data Cleaning Completed
2026-07-21 16:17:11,486 - INFO - SQL Loading Completed
2026-07-21 16:17:11,486 - INFO - Automation Completed Successfully
2026-07-21 16:17:11,486 - INFO - ======================================
2026-07-21 19:07:28,966 - INFO - ========== Automation Started ==========
2026-07-21 19:07:32,177 - INFO - Data Generation Completed
2026-07-21 19:07:36,790 - INFO - Data Append Completed
2026-07-21 19:07:40,571 - INFO - Data Cleaning Completed
2026-07-21 19:07:42,873 - INFO - SQL Loading Completed
2026-07-21 19:07:42,873 - INFO - Automation Completed Successfully
2026-07-21 19:07:42,874 - INFO - ======================================
2026-07-21 19:16:11,646 - INFO - ========== Automation Started ==========
2026-07-21 19:16:15,651 - INFO - Data Generation Completed
2026-07-21 19:16:21,338 - INFO - Data Append Completed
2026-07-21 19:16:25,990 - INFO - Data Cleaning Completed
2026-07-21 19:16:28,611 - INFO - SQL Loading Completed
2026-07-21 19:16:28,611 - INFO - Automation Completed Successfully
2026-07-21 19:16:28,612 - INFO - ======================================
2026-07-21 19:48:08,103 - INFO - ========== Automation Started ==========
2026-07-21 19:48:11,182 - INFO - Data Generation Completed
2026-07-21 19:48:16,091 - INFO - Data Append Completed
2026-07-21 19:48:23,569 - INFO - Data Cleaning Completed
2026-07-21 19:48:25,642 - INFO - SQL Loading Completed
2026-07-21 19:48:25,643 - INFO - Automation Completed Successfully
2026-07-21 19:48:25,643 - INFO - ======================================
2026-07-21 20:00:00,902 - INFO - ========== Automation Started ==========
2026-07-21 20:00:02,217 - INFO - Data Generation Completed
2026-07-21 20:00:04,120 - INFO - Data Append Completed
2026-07-21 20:00:05,521 - INFO - Data Cleaning Completed
2026-07-21 20:00:06,340 - INFO - SQL Loading Completed
2026-07-21 20:00:06,340 - INFO - Automation Completed Successfully
2026-07-21 20:00:06,340 - INFO - ======================================
2026-07-22 16:06:20,471 - INFO - ========== Automation Started ==========
2026-07-22 16:06:22,966 - INFO - Data Generation Completed
2026-07-22 16:06:26,243 - INFO - Data Append Completed
2026-07-22 16:06:29,475 - INFO - Data Cleaning Completed
2026-07-22 16:06:31,298 - INFO - SQL Loading Completed
2026-07-22 16:06:31,299 - INFO - Automation Completed Successfully
2026-07-22 16:06:31,299 - INFO - ======================================
2026-07-22 20:18:42,842 - INFO - ========== Automation Started ==========
2026-07-22 20:18:46,314 - INFO - Data Generation Completed
2026-07-22 20:18:51,216 - INFO - Data Append Completed
2026-07-22 20:18:54,603 - INFO - Data Cleaning Completed
2026-07-22 20:18:56,253 - INFO - SQL Loading Completed
2026-07-22 20:18:56,253 - INFO - Automation Completed Successfully
2026-07-22 20:18:56,254 - INFO - ======================================
2026-07-23 20:25:33,707 - INFO - ========== Automation Started ==========
2026-07-23 20:25:39,109 - INFO - Data Generation Completed
2026-07-23 20:25:50,544 - INFO - Data Append Completed
2026-07-23 20:26:00,620 - INFO - Data Cleaning Completed
2026-07-23 20:26:03,257 - INFO - SQL Loading Completed
2026-07-23 20:26:03,258 - INFO - Automation Completed Successfully
2026-07-23 20:26:03,258 - INFO - ======================================
